aaaaaaaaaaaaaaaaaaaaaaaaaaaaaaaaaaaaaaaaaaaaaaaaaaaaaaaaaaaaaaaaaaaaaaaaaaaaaa h
bbbbbbbbbbbbbbbbbbbbbbbbbbbbbbbbbbbbbbbbbbbbbbbbbbbbbbbbbbbbbbbbbbbbbbbbbbb gggg
cccccccccccccccccccccccccccccccccccccccccccccccccccccccccccc fffffffffffffffffff
dddddddddddddddddddddddddddddddddddddddd eeeeeeeeeeeeeeeeeeeeeeeeeeeeeeeeeeeeeee
